--- JSON RESPONSE ---
{
  "diagnostics": {
    "rows_before": 78,
    "rows_after": 72,
    "duplicates_removed": 6,
    "business_rules_violations_fixed": 1,
    "missing_values_filled": 18,
    "outliers_flagged": 27,
    "text_inconsistencies_found": 6
  },
  "ambiguous_groups_sent": {
    "nome_cliente": [
      {
        "variants": [
          "Maria Oliveira",
          "Larissa Ribeiro",
          "Ana Costa",
          "Camila Ferreira",
          "Juliana Pereira",
          "Fernanda Lima",
          "Diego Barbosa",
          "Rafael Alves",
          "Pedro Santos",
          "Thiago Carvalho",
          "Jo\u00e3o Souza",
          "Bruno Rodrigues",
          "Rodrigo Dias",
          "Lucas Martins",
          "Amanda Nascimento",
          "Patr\u00edcia Gomes",
          "Beatriz Correia",
          "Carlos Silva",
          "Vanessa Cardoso",
          "Gustavo Ara\u00fajo",
          "carlos silva"
        ],
        "occurrences": {
          "Maria Oliveira": 8,
          "Larissa Ribeiro": 6,
          "Ana Costa": 6,
          "Camila Ferreira": 5,
          "Juliana Pereira": 5,
          "Fernanda Lima": 5,
          "Diego Barbosa": 4,
          "Rafael Alves": 4,
          "Pedro Santos": 3,
          "Thiago Carvalho": 3,
          "Jo\u00e3o Souza": 3,
          "Bruno Rodrigues": 3,
          "Rodrigo Dias": 3,
          "Lucas Martins": 3,
          "Amanda Nascimento": 2,
          "Patr\u00edcia Gomes": 2,
          "Beatriz Correia": 2,
          "Carlos Silva": 2,
          "Vanessa Cardoso": 1,
          "Gustavo Ara\u00fajo": 1,
          "carlos silva": 1
        }
      }
    ],
    "cidade": [
      {
        "variants": [
          "S\u00e3o Paulo",
          "Bel\u00e9m",
          "SP",
          "Marab\u00e1",
          "Santar\u00e9m",
          "RJ",
          "belem",
          "ananindeua",
          "santarem",
          "rio de janeiro",
          "Bel\u00e9m-PA",
          "S. Paulo",
          "Ananindeua-PA",
          "MARAB\u00c1",
          "Ananindeua",
          "Rio de Janeiro",
          "BEL\u00c9M",
          "maraba",
          "sao paulo"
        ],
        "occurrences": {
          "S\u00e3o Paulo": 13,
          "Bel\u00e9m": 7,
          "SP": 5,
          "Marab\u00e1": 5,
          "Santar\u00e9m": 5,
          "RJ": 4,
          "belem": 4,
          "ananindeua": 3,
          "santarem": 3,
          "rio de janeiro": 3,
          "Bel\u00e9m-PA": 3,
          "S. Paulo": 3,
          "Ananindeua-PA": 3,
          "MARAB\u00c1": 2,
          "Ananindeua": 2,
          "Rio de Janeiro": 2,
          "BEL\u00c9M": 2,
          "maraba": 2,
          "sao paulo": 1
        }
      }
    ],
    "estado": [
      {
        "variants": [
          "PA",
          "SP",
          "RJ"
        ],
        "occurrences": {
          "PA": 50,
          "SP": 12,
          "RJ": 10
        }
      }
    ],
    "produto": [
      {
        "variants": [
          "Mouse Logitech",
          "notebook dell",
          "Headset HyperX",
          "Monitor LG 24Pol",
          "Webcam Logitech",
          "Notebook Dell",
          "SSD 500GB Kingston",
          "Cadeira Gamer",
          "Monitor LG 24pol",
          "Teclado Mec\u00e2nico",
          "Impressora HP"
        ],
        "occurrences": {
          "Mouse Logitech": 12,
          "notebook dell": 9,
          "Headset HyperX": 9,
          "Monitor LG 24Pol": 8,
          "Webcam Logitech": 6,
          "Notebook Dell": 6,
          "SSD 500GB Kingston": 5,
          "Cadeira Gamer": 5,
          "Monitor LG 24pol": 4,
          "Teclado Mec\u00e2nico": 4,
          "Impressora HP": 4
        }
      }
    ],
    "categoria": [
      {
        "variants": [
          "Eletr\u00f4nicos",
          "Acess\u00f3rios",
          "M\u00f3veis"
        ],
        "occurrences": {
          "Eletr\u00f4nicos": 36,
          "Acess\u00f3rios": 31,
          "M\u00f3veis": 5
        }
      }
    ],
    "comentario": [
      {
        "variants": [
          "Demorou muito para chegar mas o produto \u00e9 bom",
          "Entrega r\u00e1pida, muito satisfeito com o produto",
          "Atendimento excelente, produto de qualidade",
          "Chegou antes do prazo, muito bom",
          "\u00d3timo custo benef\u00edcio, recomendo",
          "Produto veio com defeito, p\u00e9ssimo atendimento",
          "Produto razo\u00e1vel, nada excepcional",
          "Recomendo a loja, \u00f3tima experi\u00eancia de compra",
          "N\u00e3o gostei, embalagem veio danificada",
          "Excelente qualidade, superou expectativas",
          "\u00d3tima compra",
          "Otima compra"
        ],
        "occurrences": {
          "Demorou muito para chegar mas o produto \u00e9 bom": 22,
          "Entrega r\u00e1pida, muito satisfeito com o produto": 7,
          "Atendimento excelente, produto de qualidade": 7,
          "Chegou antes do prazo, muito bom": 6,
          "\u00d3timo custo benef\u00edcio, recomendo": 5,
          "Produto veio com defeito, p\u00e9ssimo atendimento": 5,
          "Produto razo\u00e1vel, nada excepcional": 5,
          "Recomendo a loja, \u00f3tima experi\u00eancia de compra": 5,
          "N\u00e3o gostei, embalagem veio danificada": 4,
          "Excelente qualidade, superou expectativas": 4,
          "\u00d3tima compra": 1,
          "Otima compra": 1
        }
      }
    ]
  },
  "ai_decisions": {
    "nome_cliente": [
      {
        "variants": [
          "Carlos Silva",
          "carlos silva"
        ],
        "canonical": "Carlos Silva",
        "should_merge": true
      }
    ],
    "cidade": [
      {
        "variants": [
          "S\u00e3o Paulo",
          "SP",
          "S. Paulo",
          "sao paulo"
        ],
        "canonical": "S\u00e3o Paulo",
        "should_merge": true
      },
      {
        "variants": [
          "Bel\u00e9m",
          "belem",
          "Bel\u00e9m-PA",
          "BEL\u00c9M"
        ],
        "canonical": "Bel\u00e9m",
        "should_merge": true
      },
      {
        "variants": [
          "Marab\u00e1",
          "MARAB\u00c1",
          "maraba"
        ],
        "canonical": "Marab\u00e1",
        "should_merge": true
      },
      {
        "variants": [
          "Santar\u00e9m",
          "santarem"
        ],
        "canonical": "Santar\u00e9m",
        "should_merge": true
      },
      {
        "variants": [
          "ananindeua",
          "Ananindeua-PA",
          "Ananindeua"
        ],
        "canonical": "Ananindeua",
        "should_merge": true
      },
      {
        "variants": [
          "RJ",
          "rio de janeiro",
          "Rio de Janeiro"
        ],
        "canonical": "Rio de Janeiro",
        "should_merge": true
      }
    ],
    "produto": [
      {
        "variants": [
          "notebook dell",
          "Notebook Dell"
        ],
        "canonical": "Notebook Dell",
        "should_merge": true
      },
      {
        "variants": [
          "Monitor LG 24Pol",
          "Monitor LG 24pol"
        ],
        "canonical": "Monitor LG 24Pol",
        "should_merge": true
      }
    ],
    "comentario": [
      {
        "variants": [
          "\u00d3tima compra",
          "Otima compra"
        ],
        "canonical": "\u00d3tima compra",
        "should_merge": true
      }
    ]
  },
  "provider_used": "groq",
  "dataset_id": "78ba1aa1-d3cd-4ed8-89f3-4a2af8e8a57a"
}
---------------------
Applying decisions: [{'column': 'nome_cliente', 'variants': ['Carlos Silva', 'carlos silva'], 'status': 'approved', 'final_value': 'Carlos Silva'}, {'column': 'cidade', 'variants': ['SÒo Paulo', 'SP', 'S. Paulo', 'sao paulo'], 'status': 'approved', 'final_value': 'SÒo Paulo'}, {'column': 'cidade', 'variants': ['BelÚm', 'belem', 'BelÚm-PA', 'BEL╔M'], 'status': 'approved', 'final_value': 'BelÚm'}, {'column': 'cidade', 'variants': ['Marabß', 'MARAB┴', 'maraba'], 'status': 'approved', 'final_value': 'Marabß'}, {'column': 'cidade', 'variants': ['SantarÚm', 'santarem'], 'status': 'approved', 'final_value': 'SantarÚm'}, {'column': 'cidade', 'variants': ['ananindeua', 'Ananindeua-PA', 'Ananindeua'], 'status': 'approved', 'final_value': 'Ananindeua'}, {'column': 'cidade', 'variants': ['RJ', 'rio de janeiro', 'Rio de Janeiro'], 'status': 'approved', 'final_value': 'Rio de Janeiro'}, {'column': 'produto', 'variants': ['notebook dell', 'Notebook Dell'], 'status': 'approved', 'final_value': 'Notebook Dell'}, {'column': 'produto', 'variants': ['Monitor LG 24Pol', 'Monitor LG 24pol'], 'status': 'approved', 'final_value': 'Monitor LG 24Pol'}, {'column': 'comentario', 'variants': ['Ëtima compra', 'Otima compra'], 'status': 'approved', 'final_value': 'Ëtima compra'}]
Downloaded vendas_teste_resultado_v2.csv successfully!
